[2026-09-25T19:06:56Z] === ENRICH ITERATION 27 START | repo=NVIDIA/NeMo-Relay sha=50f377b3 ===
[2026-09-25T19:06:56Z] [iter=27] PHASE START: enrich repo=NVIDIA/NeMo-Relay sha=50f377b3 runlog=/home/runner/work/forx/forx/storage/aggregate/lsp/logs/50f377b3-enrich-iter-027.log output=/home/runner/work/forx/forx/storage/aggregate/lsp/50f377b3052df3e3394d87f3f1a3ccb251bcab12.nq.gz
[2026-09-25T19:07:15Z] [iter=27] Step 1: Loading AST into disk-backed store mem_mb=82 MB
[2026-09-25T19:11:26Z] [iter=27] AST store loaded triples=20902930 load_secs=243 mem_mb=1129 MB
[2026-09-25T19:11:26Z] [iter=27] Step 2: Finding LSP targets mem_mb=1129 MB
[2026-09-25T19:12:06Z] [iter=27] LSP targets found call_sites=235797 imports=0 extends=1 implements=207 secs=40
[2026-09-25T19:12:41Z] [iter=27] Loaded checkpoint partial graph triples=777196
[2026-09-25T19:12:59Z] [iter=27] Step 2.7: Building position index (one-shot, shared across resolvers) mem_mb=2373 MB
[2026-09-25T19:15:22Z] [iter=27] Position index built positions=1396491 nodes_with_types=1768633 secs=143 mem_mb=4856 MB
[2026-09-25T19:15:22Z] [iter=27] Step 3: Starting LSP resolution mem_mb=4856 MB already_completed_types=[] already_completed_files=146
[2026-09-25T19:15:22Z] [iter=27] Resolving target type target_type=call_site count=235797
[2026-09-25T19:16:24Z] [iter=27] HEARTBEAT target_type=call_site elapsed_min=9.5 files_done=0 resolved=0 errors=0 current=crates/adaptive/tests/unit/response_cache/key_tests.rs
[2026-09-25T19:36:36Z] [iter=27] HEARTBEAT target_type=call_site elapsed_min=29.7 files_done=1 resolved=99 errors=132 current=crates/core/src/api/runtime/subscriber_dispatcher.rs
[2026-09-25T19:56:37Z] [iter=27] HEARTBEAT target_type=call_site elapsed_min=49.7 files_done=2 resolved=443 errors=272 current=crates/ffi/tests/unit/api/coverage_sweeps_tests.rs
[2026-09-25T21:25:20Z] [iter=27] HEARTBEAT target_type=call_site elapsed_min=138.4 files_done=3 resolved=689 errors=892 current=crates/cli/tests/coverage/shared/bootstrap_tests.rs
[2026-09-25T21:29:47Z] [iter=27] HEARTBEAT target_type=call_site elapsed_min=142.9 files_done=4 resolved=850 errors=923 current=scripts/latency_benchmark/daemon_transport/src/client.rs
[2026-09-25T21:55:35Z] [iter=27] HEARTBEAT target_type=call_site elapsed_min=168.7 files_done=6 resolved=1502 errors=1103 current=crates/cli/tests/coverage/daemon/daemon_worker_e2e_tests.rs
[2026-09-25T22:36:24Z] [iter=27] HEARTBEAT target_type=call_site elapsed_min=209.5 files_done=7 resolved=2440 errors=1386 current=crates/adaptive/src/acg/economics.rs
[2026-09-25T22:41:32Z] [iter=27] HEARTBEAT target_type=call_site elapsed_min=214.6 files_done=8 resolved=2502 errors=1422 current=crates/core/src/api/tool.rs
[2026-09-25T22:59:37Z] [iter=27] HEARTBEAT target_type=call_site elapsed_min=232.7 files_done=9 resolved=2631 errors=1548 current=crates/core/tests/unit/optimization_tests.rs
[2026-09-25T23:07:08Z] [iter=27] CHECKPOINT TRIGGERED elapsed_min=240.2 files_completed=155 new_files_this_iter=9 mem_mb=4866 MB
[2026-09-25T23:07:08Z] [iter=27] Writing partial enrichment graph path=/home/runner/work/forx/forx/storage/aggregate/lsp/50f377b3052df3e3394d87f3f1a3ccb251bcab12.nq.gz triples=804450
[2026-09-25T23:07:17Z] [iter=27] Checkpoint written, exiting with code 7
[2026-09-25T23:07:17Z] [iter=27] PHASE END: enrich (checkpointed) elapsed_s=14413 elapsed_min=240.2 files_completed=155
